{"message":"unmarshal: failed to convert id param to int: strconv.Atoi: parsing \"gimme\": invalid syntax","code":400,"type":"unmarshal"}