{"message":"notfound: could not find station: no such id: 1000","code":404,"type":"notfound"}