{"id":1,"in_service":true,"title":"Antarctica","subtitle":"Close to the penguins","number_of_locks":10,"center":{"latitude":59.00001,"longitude":59.00002},"bounds":[{"latitude":59.1,"longitude":59.09}]}
