{"message":"io: io error: uh oh","code":500,"type":"io"}